python : 
FF...............................s..FF.F.F...FFF..F..F.............................C:\Users\alera\Desktop\Bot\BOT DE 
TRADING ultimo\03_RESEARCH_LAB\research_lab\data_loader.py:593: PerformanceWarning: DataFrame is highly fragmented.  
This is usually the result of calling `frame.insert` many times, which has poor performance.  Consider joining all 
columns at once using pd.concat(axis=1) instead. To get a de-fragmented frame, use `newframe = frame.copy()`
En línea: 3 Carácter: 1
+ python -m unittest discover -s "03_RESEARCH_LAB\research_lab\tests" - ...
+ ~~~~~~~~~~~~~~~~~~~~~~~~~~~~~~~~~~~~~~~~~~~~~~~~~~~~~~~~~~~~~~~~~~~~~
    + CategoryInfo          : NotSpecified: (FF................= frame.copy()`:String) [], RemoteException
    + FullyQualifiedErrorId : NativeCommandError
 
  frame["day_running_high"] = frame.groupby(session_dates)["high"].cummax()
C:\Users\alera\Desktop\Bot\BOT DE TRADING ultimo\03_RESEARCH_LAB\research_lab\data_loader.py:594: PerformanceWarning: 
DataFrame is highly fragmented.  This is usually the result of calling `frame.insert` many times, which has poor 
performance.  Consider joining all columns at once using pd.concat(axis=1) instead. To get a de-fragmented frame, use 
`newframe = frame.copy()`
  frame["day_running_low"] = frame.groupby(session_dates)["low"].cummin()
C:\Users\alera\Desktop\Bot\BOT DE TRADING ultimo\03_RESEARCH_LAB\research_lab\data_loader.py:595: PerformanceWarning: 
DataFrame is highly fragmented.  This is usually the result of calling `frame.insert` many times, which has poor 
performance.  Consider joining all columns at once using pd.concat(axis=1) instead. To get a de-fragmented frame, use 
`newframe = frame.copy()`
  frame["day_running_range"] = frame["day_running_high"] - frame["day_running_low"]
C:\Users\alera\Desktop\Bot\BOT DE TRADING ultimo\03_RESEARCH_LAB\research_lab\data_loader.py:596: PerformanceWarning: 
DataFrame is highly fragmented.  This is usually the result of calling `frame.insert` many times, which has poor 
performance.  Consider joining all columns at once using pd.concat(axis=1) instead. To get a de-fragmented frame, use 
`newframe = frame.copy()`
  frame["day_range_m15_atr"] = frame["day_running_range"] / frame["atr14"].replace(0.0, np.nan)
C:\Users\alera\Desktop\Bot\BOT DE TRADING ultimo\03_RESEARCH_LAB\research_lab\data_loader.py:597: PerformanceWarning: 
DataFrame is highly fragmented.  This is usually the result of calling `frame.insert` many times, which has poor 
performance.  Consider joining all columns at once using pd.concat(axis=1) instead. To get a de-fragmented frame, use 
`newframe = frame.copy()`
  frame["day_range_h1_atr"] = frame["day_running_range"] / frame["h1_atr14"].replace(0.0, np.nan)
C:\Users\alera\Desktop\Bot\BOT DE TRADING ultimo\03_RESEARCH_LAB\research_lab\data_loader.py:495: PerformanceWarning: 
DataFrame is highly fragmented.  This is usually the result of calling `frame.insert` many times, which has poor 
performance.  Consider joining all columns at once using pd.concat(axis=1) instead. To get a de-fragmented frame, use 
`newframe = frame.copy()`
  frame[high_col] = session_dates.map(day_res["high"])
C:\Users\alera\Desktop\Bot\BOT DE TRADING ultimo\03_RESEARCH_LAB\research_lab\data_loader.py:496: PerformanceWarning: 
DataFrame is highly fragmented.  This is usually the result of calling `frame.insert` many times, which has poor 
performance.  Consider joining all columns at once using pd.concat(axis=1) instead. To get a de-fragmented frame, use 
`newframe = frame.copy()`
  frame[low_col] = session_dates.map(day_res["low"])
C:\Users\alera\Desktop\Bot\BOT DE TRADING ultimo\03_RESEARCH_LAB\research_lab\data_loader.py:497: PerformanceWarning: 
DataFrame is highly fragmented.  This is usually the result of calling `frame.insert` many times, which has poor 
performance.  Consider joining all columns at once using pd.concat(axis=1) instead. To get a de-fragmented frame, use 
`newframe = frame.copy()`
  frame[complete_col] = complete_mask & frame[high_col].notna()
C:\Users\alera\Desktop\Bot\BOT DE TRADING ultimo\03_RESEARCH_LAB\research_lab\data_loader.py:495: PerformanceWarning: 
DataFrame is highly fragmented.  This is usually the result of calling `frame.insert` many times, which has poor 
performance.  Consider joining all columns at once using pd.concat(axis=1) instead. To get a de-fragmented frame, use 
`newframe = frame.copy()`
  frame[high_col] = session_dates.map(day_res["high"])
C:\Users\alera\Desktop\Bot\BOT DE TRADING ultimo\03_RESEARCH_LAB\research_lab\data_loader.py:496: PerformanceWarning: 
DataFrame is highly fragmented.  This is usually the result of calling `frame.insert` many times, which has poor 
performance.  Consider joining all columns at once using pd.concat(axis=1) instead. To get a de-fragmented frame, use 
`newframe = frame.copy()`
  frame[low_col] = session_dates.map(day_res["low"])
C:\Users\alera\Desktop\Bot\BOT DE TRADING ultimo\03_RESEARCH_LAB\research_lab\data_loader.py:497: PerformanceWarning: 
DataFrame is highly fragmented.  This is usually the result of calling `frame.insert` many times, which has poor 
performance.  Consider joining all columns at once using pd.concat(axis=1) instead. To get a de-fragmented frame, use 
`newframe = frame.copy()`
  frame[complete_col] = complete_mask & frame[high_col].notna()
C:\Users\alera\Desktop\Bot\BOT DE TRADING ultimo\03_RESEARCH_LAB\research_lab\data_loader.py:495: PerformanceWarning: 
DataFrame is highly fragmented.  This is usually the result of calling `frame.insert` many times, which has poor 
performance.  Consider joining all columns at once using pd.concat(axis=1) instead. To get a de-fragmented frame, use 
`newframe = frame.copy()`
  frame[high_col] = session_dates.map(day_res["high"])
C:\Users\alera\Desktop\Bot\BOT DE TRADING ultimo\03_RESEARCH_LAB\research_lab\data_loader.py:496: PerformanceWarning: 
DataFrame is highly fragmented.  This is usually the result of calling `frame.insert` many times, which has poor 
performance.  Consider joining all columns at once using pd.concat(axis=1) instead. To get a de-fragmented frame, use 
`newframe = frame.copy()`
  frame[low_col] = session_dates.map(day_res["low"])
C:\Users\alera\Desktop\Bot\BOT DE TRADING ultimo\03_RESEARCH_LAB\research_lab\data_loader.py:497: PerformanceWarning: 
DataFrame is highly fragmented.  This is usually the result of calling `frame.insert` many times, which has poor 
performance.  Consider joining all columns at once using pd.concat(axis=1) instead. To get a de-fragmented frame, use 
`newframe = frame.copy()`
  frame[complete_col] = complete_mask & frame[high_col].notna()
C:\Users\alera\Desktop\Bot\BOT DE TRADING ultimo\03_RESEARCH_LAB\research_lab\data_loader.py:495: PerformanceWarning: 
DataFrame is highly fragmented.  This is usually the result of calling `frame.insert` many times, which has poor 
performance.  Consider joining all columns at once using pd.concat(axis=1) instead. To get a de-fragmented frame, use 
`newframe = frame.copy()`
  frame[high_col] = session_dates.map(day_res["high"])
C:\Users\alera\Desktop\Bot\BOT DE TRADING ultimo\03_RESEARCH_LAB\research_lab\data_loader.py:496: PerformanceWarning: 
DataFrame is highly fragmented.  This is usually the result of calling `frame.insert` many times, which has poor 
performance.  Consider joining all columns at once using pd.concat(axis=1) instead. To get a de-fragmented frame, use 
`newframe = frame.copy()`
  frame[low_col] = session_dates.map(day_res["low"])
C:\Users\alera\Desktop\Bot\BOT DE TRADING ultimo\03_RESEARCH_LAB\research_lab\data_loader.py:497: PerformanceWarning: 
DataFrame is highly fragmented.  This is usually the result of calling `frame.insert` many times, which has poor 
performance.  Consider joining all columns at once using pd.concat(axis=1) instead. To get a de-fragmented frame, use 
`newframe = frame.copy()`
  frame[complete_col] = complete_mask & frame[high_col].notna()
C:\Users\alera\Desktop\Bot\BOT DE TRADING ultimo\03_RESEARCH_LAB\research_lab\data_loader.py:495: PerformanceWarning: 
DataFrame is highly fragmented.  This is usually the result of calling `frame.insert` many times, which has poor 
performance.  Consider joining all columns at once using pd.concat(axis=1) instead. To get a de-fragmented frame, use 
`newframe = frame.copy()`
  frame[high_col] = session_dates.map(day_res["high"])
C:\Users\alera\Desktop\Bot\BOT DE TRADING ultimo\03_RESEARCH_LAB\research_lab\data_loader.py:496: PerformanceWarning: 
DataFrame is highly fragmented.  This is usually the result of calling `frame.insert` many times, which has poor 
performance.  Consider joining all columns at once using pd.concat(axis=1) instead. To get a de-fragmented frame, use 
`newframe = frame.copy()`
  frame[low_col] = session_dates.map(day_res["low"])
C:\Users\alera\Desktop\Bot\BOT DE TRADING ultimo\03_RESEARCH_LAB\research_lab\data_loader.py:497: PerformanceWarning: 
DataFrame is highly fragmented.  This is usually the result of calling `frame.insert` many times, which has poor 
performance.  Consider joining all columns at once using pd.concat(axis=1) instead. To get a de-fragmented frame, use 
`newframe = frame.copy()`
  frame[complete_col] = complete_mask & frame[high_col].notna()
C:\Users\alera\Desktop\Bot\BOT DE TRADING ultimo\03_RESEARCH_LAB\research_lab\data_loader.py:495: PerformanceWarning: 
DataFrame is highly fragmented.  This is usually the result of calling `frame.insert` many times, which has poor 
performance.  Consider joining all columns at once using pd.concat(axis=1) instead. To get a de-fragmented frame, use 
`newframe = frame.copy()`
  frame[high_col] = session_dates.map(day_res["high"])
C:\Users\alera\Desktop\Bot\BOT DE TRADING ultimo\03_RESEARCH_LAB\research_lab\data_loader.py:496: PerformanceWarning: 
DataFrame is highly fragmented.  This is usually the result of calling `frame.insert` many times, which has poor 
performance.  Consider joining all columns at once using pd.concat(axis=1) instead. To get a de-fragmented frame, use 
`newframe = frame.copy()`
  frame[low_col] = session_dates.map(day_res["low"])
C:\Users\alera\Desktop\Bot\BOT DE TRADING ultimo\03_RESEARCH_LAB\research_lab\data_loader.py:497: PerformanceWarning: 
DataFrame is highly fragmented.  This is usually the result of calling `frame.insert` many times, which has poor 
performance.  Consider joining all columns at once using pd.concat(axis=1) instead. To get a de-fragmented frame, use 
`newframe = frame.copy()`
  frame[complete_col] = complete_mask & frame[high_col].notna()
C:\Users\alera\Desktop\Bot\BOT DE TRADING ultimo\03_RESEARCH_LAB\research_lab\data_loader.py:495: PerformanceWarning: 
DataFrame is highly fragmented.  This is usually the result of calling `frame.insert` many times, which has poor 
performance.  Consider joining all columns at once using pd.concat(axis=1) instead. To get a de-fragmented frame, use 
`newframe = frame.copy()`
  frame[high_col] = session_dates.map(day_res["high"])
C:\Users\alera\Desktop\Bot\BOT DE TRADING ultimo\03_RESEARCH_LAB\research_lab\data_loader.py:496: PerformanceWarning: 
DataFrame is highly fragmented.  This is usually the result of calling `frame.insert` many times, which has poor 
performance.  Consider joining all columns at once using pd.concat(axis=1) instead. To get a de-fragmented frame, use 
`newframe = frame.copy()`
  frame[low_col] = session_dates.map(day_res["low"])
C:\Users\alera\Desktop\Bot\BOT DE TRADING ultimo\03_RESEARCH_LAB\research_lab\data_loader.py:497: PerformanceWarning: 
DataFrame is highly fragmented.  This is usually the result of calling `frame.insert` many times, which has poor 
performance.  Consider joining all columns at once using pd.concat(axis=1) instead. To get a de-fragmented frame, use 
`newframe = frame.copy()`
  frame[complete_col] = complete_mask & frame[high_col].notna()
......ss..ssss.....F..EEEFEEFEEFEFEsss...................................................s.s..
======================================================================
ERROR: test_commission_is_separated_from_spread_and_slippage 
(test_level2_execution.Level2ExecutionTests.test_commission_is_separated_from_spread_and_slippage)
----------------------------------------------------------------------
Traceback (most recent call last):
  File "C:\Users\alera\AppData\Local\Python\pythoncore-3.14-64\Lib\site-packages\pandas\core\indexes\base.py", line 
3641, in get_loc
    return self._engine.get_loc(casted_key)
           ~~~~~~~~~~~~~~~~~~~~^^^^^^^^^^^^
  File "pandas/_libs/index.pyx", line 168, in pandas._libs.index.IndexEngine.get_loc
  File "pandas/_libs/index.pyx", line 197, in pandas._libs.index.IndexEngine.get_loc
  File "pandas/_libs/hashtable_class_helper.pxi", line 7668, in pandas._libs.hashtable.PyObjectHashTable.get_item
  File "pandas/_libs/hashtable_class_helper.pxi", line 7676, in pandas._libs.hashtable.PyObjectHashTable.get_item
KeyError: 'spread_applied'

The above exception was the direct cause of the following exception:

Traceback (most recent call last):
  File "C:\Users\alera\Desktop\Bot\BOT DE TRADING ultimo\03_RESEARCH_LAB\research_lab\tests\test_level2_execution.py", 
line 172, in test_commission_is_separated_from_spread_and_slippage
    self.assertAlmostEqual(float(trade_zero["spread_applied"]), float(trade_commission["spread_applied"]), places=8)
                                 ~~~~~~~~~~^^^^^^^^^^^^^^^^^^
  File "C:\Users\alera\AppData\Local\Python\pythoncore-3.14-64\Lib\site-packages\pandas\core\series.py", line 959, in 
__getitem__
    return self._get_value(key)
           ~~~~~~~~~~~~~~~^^^^^
  File "C:\Users\alera\AppData\Local\Python\pythoncore-3.14-64\Lib\site-packages\pandas\core\series.py", line 1046, in 
_get_value
    loc = self.index.get_loc(label)
  File "C:\Users\alera\AppData\Local\Python\pythoncore-3.14-64\Lib\site-packages\pandas\core\indexes\base.py", line 
3648, in get_loc
    raise KeyError(key) from err
KeyError: 'spread_applied'

======================================================================
ERROR: test_conservative_mode_marks_trade_and_is_more_expensive 
(test_level2_execution.Level2ExecutionTests.test_conservative_mode_marks_trade_and_is_more_expensive)
----------------------------------------------------------------------
Traceback (most recent call last):
  File "C:\Users\alera\Desktop\Bot\BOT DE TRADING ultimo\03_RESEARCH_LAB\research_lab\tests\test_level2_execution.py", 
line 114, in test_conservative_mode_marks_trade_and_is_more_expensive
    conservative_trade = conservative.trades.iloc[0]
                         ~~~~~~~~~~~~~~~~~~~~~~~~^^^
  File "C:\Users\alera\AppData\Local\Python\pythoncore-3.14-64\Lib\site-packages\pandas\core\indexing.py", line 1207, 
in __getitem__
    return self._getitem_axis(maybe_callable, axis=axis)
           ~~~~~~~~~~~~~~~~~~^^^^^^^^^^^^^^^^^^^^^^^^^^^
  File "C:\Users\alera\AppData\Local\Python\pythoncore-3.14-64\Lib\site-packages\pandas\core\indexing.py", line 1773, 
in _getitem_axis
    self._validate_integer(key, axis)
    ~~~~~~~~~~~~~~~~~~~~~~^^^^^^^^^^^
  File "C:\Users\alera\AppData\Local\Python\pythoncore-3.14-64\Lib\site-packages\pandas\core\indexing.py", line 1706, 
in _validate_integer
    raise IndexError("single positional indexer is out-of-bounds")
IndexError: single positional indexer is out-of-bounds

======================================================================
ERROR: test_final_close_is_flagged_in_both_modes 
(test_level2_execution.Level2ExecutionTests.test_final_close_is_flagged_in_both_modes)
----------------------------------------------------------------------
Traceback (most recent call last):
  File "C:\Users\alera\Desktop\Bot\BOT DE TRADING ultimo\03_RESEARCH_LAB\research_lab\tests\test_level2_execution.py", 
line 232, in test_final_close_is_flagged_in_both_modes
    trade = result.trades.iloc[0]
            ~~~~~~~~~~~~~~~~~~^^^
  File "C:\Users\alera\AppData\Local\Python\pythoncore-3.14-64\Lib\site-packages\pandas\core\indexing.py", line 1207, 
in __getitem__
    return self._getitem_axis(maybe_callable, axis=axis)
           ~~~~~~~~~~~~~~~~~~^^^^^^^^^^^^^^^^^^^^^^^^^^^
  File "C:\Users\alera\AppData\Local\Python\pythoncore-3.14-64\Lib\site-packages\pandas\core\indexing.py", line 1773, 
in _getitem_axis
    self._validate_integer(key, axis)
    ~~~~~~~~~~~~~~~~~~~~~~^^^^^^^^^^^
  File "C:\Users\alera\AppData\Local\Python\pythoncore-3.14-64\Lib\site-packages\pandas\core\indexing.py", line 1706, 
in _validate_integer
    raise IndexError("single positional indexer is out-of-bounds")
IndexError: single positional indexer is out-of-bounds

======================================================================
ERROR: test_intrabar_policy_conservative_overrides_priority 
(test_level2_execution.Level2ExecutionTests.test_intrabar_policy_conservative_overrides_priority)
----------------------------------------------------------------------
Traceback (most recent call last):
  File "C:\Users\alera\AppData\Local\Python\pythoncore-3.14-64\Lib\site-packages\pandas\core\indexes\base.py", line 
3641, in get_loc
    return self._engine.get_loc(casted_key)
           ~~~~~~~~~~~~~~~~~~~~^^^^^^^^^^^^
  File "pandas/_libs/index.pyx", line 168, in pandas._libs.index.IndexEngine.get_loc
  File "pandas/_libs/index.pyx", line 197, in pandas._libs.index.IndexEngine.get_loc
  File "pandas/_libs/hashtable_class_helper.pxi", line 7668, in pandas._libs.hashtable.PyObjectHashTable.get_item
  File "pandas/_libs/hashtable_class_helper.pxi", line 7676, in pandas._libs.hashtable.PyObjectHashTable.get_item
KeyError: 'intrabar_ambiguity_flag'

The above exception was the direct cause of the following exception:

Traceback (most recent call last):
  File "C:\Users\alera\Desktop\Bot\BOT DE TRADING ultimo\03_RESEARCH_LAB\research_lab\tests\test_level2_execution.py", 
line 216, in test_intrabar_policy_conservative_overrides_priority
    self.assertTrue(bool(trade["intrabar_ambiguity_flag"]))
                         ~~~~~^^^^^^^^^^^^^^^^^^^^^^^^^^^
  File "C:\Users\alera\AppData\Local\Python\pythoncore-3.14-64\Lib\site-packages\pandas\core\series.py", line 959, in 
__getitem__
    return self._get_value(key)
           ~~~~~~~~~~~~~~~^^^^^
  File "C:\Users\alera\AppData\Local\Python\pythoncore-3.14-64\Lib\site-packages\pandas\core\series.py", line 1046, in 
_get_value
    loc = self.index.get_loc(label)
  File "C:\Users\alera\AppData\Local\Python\pythoncore-3.14-64\Lib\site-packages\pandas\core\indexes\base.py", line 
3648, in get_loc
    raise KeyError(key) from err
KeyError: 'intrabar_ambiguity_flag'

======================================================================
ERROR: test_intrabar_policy_standard_respects_priority 
(test_level2_execution.Level2ExecutionTests.test_intrabar_policy_standard_respects_priority)
----------------------------------------------------------------------
Traceback (most recent call last):
  File "C:\Users\alera\AppData\Local\Python\pythoncore-3.14-64\Lib\site-packages\pandas\core\indexes\base.py", line 
3641, in get_loc
    return self._engine.get_loc(casted_key)
           ~~~~~~~~~~~~~~~~~~~~^^^^^^^^^^^^
  File "pandas/_libs/index.pyx", line 168, in pandas._libs.index.IndexEngine.get_loc
  File "pandas/_libs/index.pyx", line 197, in pandas._libs.index.IndexEngine.get_loc
  File "pandas/_libs/hashtable_class_helper.pxi", line 7668, in pandas._libs.hashtable.PyObjectHashTable.get_item
  File "pandas/_libs/hashtable_class_helper.pxi", line 7676, in pandas._libs.hashtable.PyObjectHashTable.get_item
KeyError: 'intrabar_ambiguity_flag'

The above exception was the direct cause of the following exception:

Traceback (most recent call last):
  File "C:\Users\alera\Desktop\Bot\BOT DE TRADING ultimo\03_RESEARCH_LAB\research_lab\tests\test_level2_execution.py", 
line 195, in test_intrabar_policy_standard_respects_priority
    self.assertTrue(bool(trade["intrabar_ambiguity_flag"]))
                         ~~~~~^^^^^^^^^^^^^^^^^^^^^^^^^^^
  File "C:\Users\alera\AppData\Local\Python\pythoncore-3.14-64\Lib\site-packages\pandas\core\series.py", line 959, in 
__getitem__
    return self._get_value(key)
           ~~~~~~~~~~~~~~~^^^^^
  File "C:\Users\alera\AppData\Local\Python\pythoncore-3.14-64\Lib\site-packages\pandas\core\series.py", line 1046, in 
_get_value
    loc = self.index.get_loc(label)
  File "C:\Users\alera\AppData\Local\Python\pythoncore-3.14-64\Lib\site-packages\pandas\core\indexes\base.py", line 
3648, in get_loc
    raise KeyError(key) from err
KeyError: 'intrabar_ambiguity_flag'

======================================================================
ERROR: test_spread_fields_are_logged_per_trade 
(test_level2_execution.Level2ExecutionTests.test_spread_fields_are_logged_per_trade)
----------------------------------------------------------------------
Traceback (most recent call last):
  File "C:\Users\alera\AppData\Local\Python\pythoncore-3.14-64\Lib\site-packages\pandas\core\indexes\base.py", line 
3641, in get_loc
    return self._engine.get_loc(casted_key)
           ~~~~~~~~~~~~~~~~~~~~^^^^^^^^^^^^
  File "pandas/_libs/index.pyx", line 168, in pandas._libs.index.IndexEngine.get_loc
  File "pandas/_libs/index.pyx", line 197, in pandas._libs.index.IndexEngine.get_loc
  File "pandas/_libs/hashtable_class_helper.pxi", line 7668, in pandas._libs.hashtable.PyObjectHashTable.get_item
  File "pandas/_libs/hashtable_class_helper.pxi", line 7676, in pandas._libs.hashtable.PyObjectHashTable.get_item
KeyError: 'exit_spread_pips'

The above exception was the direct cause of the following exception:

Traceback (most recent call last):
  File "C:\Users\alera\Desktop\Bot\BOT DE TRADING ultimo\03_RESEARCH_LAB\research_lab\tests\test_level2_execution.py", 
line 133, in test_spread_fields_are_logged_per_trade
    self.assertAlmostEqual(float(trade["exit_spread_pips"]), 1.0, places=8)
                                 ~~~~~^^^^^^^^^^^^^^^^^^^^
  File "C:\Users\alera\AppData\Local\Python\pythoncore-3.14-64\Lib\site-packages\pandas\core\series.py", line 959, in 
__getitem__
    return self._get_value(key)
           ~~~~~~~~~~~~~~~^^^^^
  File "C:\Users\alera\AppData\Local\Python\pythoncore-3.14-64\Lib\site-packages\pandas\core\series.py", line 1046, in 
_get_value
    loc = self.index.get_loc(label)
  File "C:\Users\alera\AppData\Local\Python\pythoncore-3.14-64\Lib\site-packages\pandas\core\indexes\base.py", line 
3648, in get_loc
    raise KeyError(key) from err
KeyError: 'exit_spread_pips'

======================================================================
ERROR: test_trade_export_contains_level2_execution_fields 
(test_level2_execution.Level2ExecutionTests.test_trade_export_contains_level2_execution_fields)
----------------------------------------------------------------------
Traceback (most recent call last):
  File "C:\Users\alera\Desktop\Bot\BOT DE TRADING ultimo\03_RESEARCH_LAB\research_lab\tests\test_level2_execution.py", 
line 261, in test_trade_export_contains_level2_execution_fields
    self.assertEqual(exported.iloc[0]["execution_mode_used"], "conservative_mode")
                     ~~~~~~~~~~~~~^^^
  File "C:\Users\alera\AppData\Local\Python\pythoncore-3.14-64\Lib\site-packages\pandas\core\indexing.py", line 1207, 
in __getitem__
    return self._getitem_axis(maybe_callable, axis=axis)
           ~~~~~~~~~~~~~~~~~~^^^^^^^^^^^^^^^^^^^^^^^^^^^
  File "C:\Users\alera\AppData\Local\Python\pythoncore-3.14-64\Lib\site-packages\pandas\core\indexing.py", line 1773, 
in _getitem_axis
    self._validate_integer(key, axis)
    ~~~~~~~~~~~~~~~~~~~~~~^^^^^^^^^^^
  File "C:\Users\alera\AppData\Local\Python\pythoncore-3.14-64\Lib\site-packages\pandas\core\indexing.py", line 1706, 
in _validate_integer
    raise IndexError("single positional indexer is out-of-bounds")
IndexError: single positional indexer is out-of-bounds

======================================================================
ERROR: test_high_precision_mode_logs_signal_and_fill_prices 
(test_level3_precision.Level3PrecisionTests.test_high_precision_mode_logs_signal_and_fill_prices)
----------------------------------------------------------------------
Traceback (most recent call last):
  File "C:\Users\alera\Desktop\Bot\BOT DE TRADING ultimo\03_RESEARCH_LAB\research_lab\tests\test_level3_precision.py", 
line 214, in test_high_precision_mode_logs_signal_and_fill_prices
    trade = result.trades.iloc[0]
            ~~~~~~~~~~~~~~~~~~^^^
  File "C:\Users\alera\AppData\Local\Python\pythoncore-3.14-64\Lib\site-packages\pandas\core\indexing.py", line 1207, 
in __getitem__
    return self._getitem_axis(maybe_callable, axis=axis)
           ~~~~~~~~~~~~~~~~~~^^^^^^^^^^^^^^^^^^^^^^^^^^^
  File "C:\Users\alera\AppData\Local\Python\pythoncore-3.14-64\Lib\site-packages\pandas\core\indexing.py", line 1773, 
in _getitem_axis
    self._validate_integer(key, axis)
    ~~~~~~~~~~~~~~~~~~~~~~^^^^^^^^^^^
  File "C:\Users\alera\AppData\Local\Python\pythoncore-3.14-64\Lib\site-packages\pandas\core\indexing.py", line 1706, 
in _validate_integer
    raise IndexError("single positional indexer is out-of-bounds")
IndexError: single positional indexer is out-of-bounds

======================================================================
ERROR: test_high_precision_mode_uses_precision_profile 
(test_level3_precision.Level3PrecisionTests.test_high_precision_mode_uses_precision_profile)
----------------------------------------------------------------------
Traceback (most recent call last):
  File "C:\Users\alera\Desktop\Bot\BOT DE TRADING ultimo\03_RESEARCH_LAB\research_lab\tests\test_level3_precision.py", 
line 197, in test_high_precision_mode_uses_precision_profile
    trade = result.trades.iloc[0]
            ~~~~~~~~~~~~~~~~~~^^^
  File "C:\Users\alera\AppData\Local\Python\pythoncore-3.14-64\Lib\site-packages\pandas\core\indexing.py", line 1207, 
in __getitem__
    return self._getitem_axis(maybe_callable, axis=axis)
           ~~~~~~~~~~~~~~~~~~^^^^^^^^^^^^^^^^^^^^^^^^^^^
  File "C:\Users\alera\AppData\Local\Python\pythoncore-3.14-64\Lib\site-packages\pandas\core\indexing.py", line 1773, 
in _getitem_axis
    self._validate_integer(key, axis)
    ~~~~~~~~~~~~~~~~~~~~~~^^^^^^^^^^^
  File "C:\Users\alera\AppData\Local\Python\pythoncore-3.14-64\Lib\site-packages\pandas\core\indexing.py", line 1706, 
in _validate_integer
    raise IndexError("single positional indexer is out-of-bounds")
IndexError: single positional indexer is out-of-bounds

======================================================================
FAIL: test_build_am_grade_news_dataset_reports_expected_gaps 
(test_am_news_builder.AMNewsBuilderTests.test_build_am_grade_news_dataset_reports_expected_gaps)
----------------------------------------------------------------------
Traceback (most recent call last):
  File "C:\Users\alera\Desktop\Bot\BOT DE TRADING ultimo\03_RESEARCH_LAB\research_lab\tests\test_am_news_builder.py", 
line 33, in test_build_am_grade_news_dataset_reports_expected_gaps
    self.assertEqual(summary["family_coverage"]["retail sales m/m"], "OFFICIAL_ANCHOR")
    ~~~~~~~~~~~~~~~~^^^^^^^^^^^^^^^^^^^^^^^^^^^^^^^^^^^^^^^^^^^^^^^^^^^^^^^^^^^^^^^^^^^
AssertionError: 'MISSING' != 'OFFICIAL_ANCHOR'
- MISSING
+ OFFICIAL_ANCHOR


======================================================================
FAIL: test_output_derives_ecb_press_conference_with_dst_sensitive_ny_times 
(test_am_news_builder.AMNewsBuilderTests.test_output_derives_ecb_press_conference_with_dst_sensitive_ny_times)
----------------------------------------------------------------------
Traceback (most recent call last):
  File "C:\Users\alera\Desktop\Bot\BOT DE TRADING ultimo\03_RESEARCH_LAB\research_lab\tests\test_am_news_builder.py", 
line 62, in test_output_derives_ecb_press_conference_with_dst_sensitive_ny_times
    self.assertFalse(ecb_pc.empty)
    ~~~~~~~~~~~~~~~~^^^^^^^^^^^^^^
AssertionError: True is not false

======================================================================
FAIL: test_boundary_fill_on_19_label_is_recorded_at_1845_open 
(test_engine.EngineTests.test_boundary_fill_on_19_label_is_recorded_at_1845_open)
----------------------------------------------------------------------
Traceback (most recent call last):
  File "C:\Users\alera\Desktop\Bot\BOT DE TRADING ultimo\03_RESEARCH_LAB\research_lab\tests\test_engine.py", line 147, 
in test_boundary_fill_on_19_label_is_recorded_at_1845_open
    self.assertEqual(entry_time.strftime("%H:%M"), "18:45")
    ~~~~~~~~~~~~~~~~^^^^^^^^^^^^^^^^^^^^^^^^^^^^^^^^^^^^^^^
AssertionError: '19:00' != '18:45'
- 19:00
+ 18:45


======================================================================
FAIL: test_enforce_hard_stop_rejects_signal_without_stop 
(test_engine.EngineTests.test_enforce_hard_stop_rejects_signal_without_stop)
----------------------------------------------------------------------
Traceback (most recent call last):
  File "C:\Users\alera\Desktop\Bot\BOT DE TRADING ultimo\03_RESEARCH_LAB\research_lab\tests\test_engine.py", line 80, 
in test_enforce_hard_stop_rejects_signal_without_stop
    with self.assertRaisesRegex(ValueError, "hard stop valido"):
         ~~~~~~~~~~~~~~~~~~~~~~^^^^^^^^^^^^^^^^^^^^^^^^^^^^^^^^
AssertionError: ValueError not raised

======================================================================
FAIL: test_entry_time_uses_next_bar_open_time (test_engine.EngineTests.test_entry_time_uses_next_bar_open_time)
----------------------------------------------------------------------
Traceback (most recent call last):
  File "C:\Users\alera\Desktop\Bot\BOT DE TRADING ultimo\03_RESEARCH_LAB\research_lab\tests\test_engine.py", line 127, 
in test_entry_time_uses_next_bar_open_time
    self.assertEqual(entry_time.strftime("%H:%M"), "11:00")
    ~~~~~~~~~~~~~~~~^^^^^^^^^^^^^^^^^^^^^^^^^^^^^^^^^^^^^^^
AssertionError: '11:15' != '11:00'
- 11:15
+ 11:00


======================================================================
FAIL: test_final_close_applies_exit_costs (test_engine.EngineTests.test_final_close_applies_exit_costs)
----------------------------------------------------------------------
Traceback (most recent call last):
  File "C:\Users\alera\Desktop\Bot\BOT DE TRADING ultimo\03_RESEARCH_LAB\research_lab\tests\test_engine.py", line 238, 
in test_final_close_applies_exit_costs
    self.assertEqual(len(result.trades), 1)
    ~~~~~~~~~~~~~~~~^^^^^^^^^^^^^^^^^^^^^^^
AssertionError: 0 != 1

======================================================================
FAIL: test_news_fortress_force_flat_uses_bar_open_once_kill_zone_starts 
(test_engine.EngineTests.test_news_fortress_force_flat_uses_bar_open_once_kill_zone_starts)
----------------------------------------------------------------------
Traceback (most recent call last):
  File "C:\Users\alera\Desktop\Bot\BOT DE TRADING ultimo\03_RESEARCH_LAB\research_lab\tests\test_engine.py", line 526, 
in test_news_fortress_force_flat_uses_bar_open_once_kill_zone_starts
    self.assertEqual(exit_time_ny.strftime("%H:%M"), "08:20")
    ~~~~~~~~~~~~~~~~^^^^^^^^^^^^^^^^^^^^^^^^^^^^^^^^^^^^^^^^^
AssertionError: '08:25' != '08:20'
- 08:25
?     ^
+ 08:20
?     ^


======================================================================
FAIL: test_normal_bar_without_gap_has_no_gap_flag (test_engine.EngineTests.test_normal_bar_without_gap_has_no_gap_flag)
Vela normal sin gap: gap_exit_flag debe ser False.
----------------------------------------------------------------------
Traceback (most recent call last):
  File "C:\Users\alera\Desktop\Bot\BOT DE TRADING ultimo\03_RESEARCH_LAB\research_lab\tests\test_engine.py", line 475, 
in test_normal_bar_without_gap_has_no_gap_flag
    self.assertEqual(trade["gap_exit_type"], "no_gap")
    ~~~~~~~~~~~~~~~~^^^^^^^^^^^^^^^^^^^^^^^^^^^^^^^^^^
AssertionError: None != 'no_gap'

======================================================================
FAIL: test_optional_max_hold_bars_exits_with_time_exit 
(test_engine.EngineTests.test_optional_max_hold_bars_exits_with_time_exit)
----------------------------------------------------------------------
Traceback (most recent call last):
  File "C:\Users\alera\Desktop\Bot\BOT DE TRADING ultimo\03_RESEARCH_LAB\research_lab\tests\test_engine.py", line 283, 
in test_optional_max_hold_bars_exits_with_time_exit
    self.assertEqual(len(result.trades), 1)
    ~~~~~~~~~~~~~~~~^^^^^^^^^^^^^^^^^^^^^^^
AssertionError: 0 != 1

======================================================================
FAIL: test_short_target_exit_includes_spread_and_slippage 
(test_engine.EngineTests.test_short_target_exit_includes_spread_and_slippage)
----------------------------------------------------------------------
Traceback (most recent call last):
  File "C:\Users\alera\Desktop\Bot\BOT DE TRADING ultimo\03_RESEARCH_LAB\research_lab\tests\test_engine.py", line 191, 
in test_short_target_exit_includes_spread_and_slippage
    self.assertAlmostEqual(float(trade["exit_price"]), 1.0987375, places=5)
    ~~~~~~~~~~~~~~~~~~~~~~^^^^^^^^^^^^^^^^^^^^^^^^^^^^^^^^^^^^^^^^^^^^^^^^^
AssertionError: 1.098725 != 1.0987375 within 5 places (1.2499999999970868e-05 difference)

======================================================================
FAIL: test_invalid_stop_entry_direction_is_rejected 
(test_engine_stop_entry.EngineStopEntryTests.test_invalid_stop_entry_direction_is_rejected)
----------------------------------------------------------------------
Traceback (most recent call last):
  File "C:\Users\alera\Desktop\Bot\BOT DE TRADING 
ultimo\03_RESEARCH_LAB\research_lab\tests\test_engine_stop_entry.py", line 151, in 
test_invalid_stop_entry_direction_is_rejected
    with self.assertRaisesRegex(ValueError, "stop entry"):
         ~~~~~~~~~~~~~~~~~~~~~~^^^^^^^^^^^^^^^^^^^^^^^^^^
AssertionError: ValueError not raised

======================================================================
FAIL: test_assert_train_data_no_holdout_fails_leaky_data 
(test_lab_preflight_no_leakage.TestLabPreflight.test_assert_train_data_no_holdout_fails_leaky_data)
----------------------------------------------------------------------
Traceback (most recent call last):
  File "C:\Users\alera\Desktop\Bot\BOT DE TRADING 
ultimo\03_RESEARCH_LAB\research_lab\tests\test_lab_preflight_no_leakage.py", line 25, in 
test_assert_train_data_no_holdout_fails_leaky_data
    with self.assertRaisesRegex(RuntimeError, "FAIL_CLOSED: Detected .* rows with timestamp >= 2025-01-01"):
         ~~~~~~~~~~~~~~~~~~~~~~^^^^^^^^^^^^^^^^^^^^^^^^^^^^^^^^^^^^^^^^^^^^^^^^^^^^^^^^^^^^^^^^^^^^^^^^^^^^
AssertionError: RuntimeError not raised

======================================================================
FAIL: test_forced_close_is_flagged_in_both_modes 
(test_level2_execution.Level2ExecutionTests.test_forced_close_is_flagged_in_both_modes)
----------------------------------------------------------------------
Traceback (most recent call last):
  File "C:\Users\alera\Desktop\Bot\BOT DE TRADING ultimo\03_RESEARCH_LAB\research_lab\tests\test_level2_execution.py", 
line 224, in test_forced_close_is_flagged_in_both_modes
    self.assertEqual(trade["exit_reason"], "forced_session_close")
    ~~~~~~~~~~~~~~~~^^^^^^^^^^^^^^^^^^^^^^^^^^^^^^^^^^^^^^^^^^^^^^
AssertionError: 'timeout' != 'forced_session_close'
- timeout
+ forced_session_close


======================================================================
FAIL: test_slippage_fields_are_logged_per_trade 
(test_level2_execution.Level2ExecutionTests.test_slippage_fields_are_logged_per_trade)
----------------------------------------------------------------------
Traceback (most recent call last):
  File "C:\Users\alera\Desktop\Bot\BOT DE TRADING ultimo\03_RESEARCH_LAB\research_lab\tests\test_level2_execution.py", 
line 149, in test_slippage_fields_are_logged_per_trade
    self.assertAlmostEqual(float(trade["slippage_applied"]), 1.0, places=8)
    ~~~~~~~~~~~~~~~~~~~~~~^^^^^^^^^^^^^^^^^^^^^^^^^^^^^^^^^^^^^^^^^^^^^^^^^
AssertionError: 0.5 != 1.0 within 8 places (0.5 difference)

======================================================================
FAIL: test_high_precision_mode_forced_close_is_more_expensive_than_normal 
(test_level3_precision.Level3PrecisionTests.test_high_precision_mode_forced_close_is_more_expensive_than_normal)
----------------------------------------------------------------------
Traceback (most recent call last):
  File "C:\Users\alera\Desktop\Bot\BOT DE TRADING ultimo\03_RESEARCH_LAB\research_lab\tests\test_level3_precision.py", 
line 247, in test_high_precision_mode_forced_close_is_more_expensive_than_normal
    self.assertGreater(float(precision.trades.iloc[0]["slippage_applied"]), 
float(normal.trades.iloc[0]["slippage_applied"]))
    ~~~~~~~~~~~~~~~~~~^^^^^^^^^^^^^^^^^^^^^^^^^^^^^^^^^^^^^^^^^^^^^^^^^^^^^^^^^^^^^^^^^^^^^^^^^^^^^^^^^^^^^^^^^^^^^^^^^
^^^^^^
AssertionError: 1.0 not greater than 1.0

======================================================================
FAIL: test_high_precision_mode_uses_bid_side_for_long_target_exit 
(test_level3_precision.Level3PrecisionTests.test_high_precision_mode_uses_bid_side_for_long_target_exit)
----------------------------------------------------------------------
Traceback (most recent call last):
  File "C:\Users\alera\Desktop\Bot\BOT DE TRADING ultimo\03_RESEARCH_LAB\research_lab\tests\test_level3_precision.py", 
line 264, in test_high_precision_mode_uses_bid_side_for_long_target_exit
    self.assertEqual(str(pd.to_datetime(trade["exit_time"], utc=True).tz_convert(NY_TZ).strftime("%H:%M")), "11:08")
    ~~~~~~~~~~~~~~~~^^^^^^^^^^^^^^^^^^^^^^^^^^^^^^^^^^^^^^^^^^^^^^^^^^^^^^^^^^^^^^^^^^^^^^^^^^^^^^^^^^^^^^^^^^^^^^^^
AssertionError: '11:15' != '11:08'
- 11:15
+ 11:08


----------------------------------------------------------------------
Ran 177 tests in 8.097s

FAILED (failures=16, errors=9, skipped=12)
